
[OK] Servidor Socket.io listo en http://localhost:3001
     GET /api/coincidencias
     GET /api/reportes/resumen
     GET /api/reportes/exportar?formato=pdf|xlsx

[socket] cliente conectado: fY1-69HMVpmybofRAAAB
[socket] cliente desconectado: fY1-69HMVpmybofRAAAB
[socket] cliente conectado: qFwd1KMeWr4IBOHEAAAE
[socket] cliente desconectado: qFwd1KMeWr4IBOHEAAAE
[socket] cliente conectado: l3lQj5FLB342W2MPAAAG
[socket] cliente desconectado: l3lQj5FLB342W2MPAAAG
[socket] cliente conectado: sd_ic1nEfOAXGg-yAAAJ
[socket] cliente desconectado: sd_ic1nEfOAXGg-yAAAJ
[socket] cliente conectado: -HRPXJU9GrRSHIIBAAAM
[socket] cliente desconectado: -HRPXJU9GrRSHIIBAAAM
[socket] cliente conectado: i9TE-1H77UBKnVIEAAAO
[socket] cliente desconectado: i9TE-1H77UBKnVIEAAAO
[socket] cliente conectado: iVCtU08Hcp_uAldBAAAQ
[socket] cliente desconectado: iVCtU08Hcp_uAldBAAAQ
[socket] cliente conectado: bhr67bo00Up59aUdAAAT
[socket] cliente desconectado: bhr67bo00Up59aUdAAAT
[socket] cliente conectado: bbYz4ODKoY1YnOc4AAAV
[socket] cliente desconectado: bbYz4ODKoY1YnOc4AAAV
[socket] cliente conectado: bGoDwIKFJ7xpGnfGAAAY
[socket] cliente desconectado: bGoDwIKFJ7xpGnfGAAAY
[socket] cliente conectado: sKQdUMbwWxqPAVCsAAAb
[socket] cliente desconectado: sKQdUMbwWxqPAVCsAAAb
[socket] cliente conectado: QrfTGFAIYPU_tqG3AAAe
[socket] cliente desconectado: QrfTGFAIYPU_tqG3AAAe
[socket] cliente conectado: oIBXICE3_CXyHj3aAAAh
[socket] cliente desconectado: oIBXICE3_CXyHj3aAAAh
[socket] cliente conectado: 1IKusWP0iNI5GuDDAAAk
[socket] cliente desconectado: 1IKusWP0iNI5GuDDAAAk
